Initial Win CP for (console input, console output, system): (CP437, CP437, CP1252)
I changed them all to CP1252
Rc files read (in order):
  NONE
Latexmk: This is Latexmk, John Collins, 9 March 2026. Version 4.88.
Latexmk: applying rule 'pdflatex'...
Rule 'pdflatex':  Reasons for rerun
Changed files or newly in use/created:
  paper.tex
Category 'changed_user':
  paper.tex

------------
Run number 1 of rule 'pdflatex'
------------
------------
Running 'pdflatex  -interaction=nonstopmode -recorder  "paper.tex"'
------------
This is pdfTeX, Version 3.141592653-2.6-1.40.29 (TeX Live 2026) (preloaded format=pdflatex)
 restricted \write18 enabled.
entering extended mode
(./paper.tex
LaTeX2e <2025-11-01>
L3 programming layer <2026-01-19>
(./cas-sc.cls
Document Class: cas-sc 2024/05/04, 2.4: Formatting class for CAS single column 
articles
(c:/texlive/2026/texmf-dist/tex/latex/base/article.cls
Document Class: article 2025/01/22 v1.4n Standard LaTeX document class
(c:/texlive/2026/texmf-dist/tex/latex/base/fleqn.clo)
(c:/texlive/2026/texmf-dist/tex/latex/base/size10.clo))
(c:/texlive/2026/texmf-dist/tex/latex/graphics/graphicx.sty
(c:/texlive/2026/texmf-dist/tex/latex/graphics/keyval.sty)
(c:/texlive/2026/texmf-dist/tex/latex/graphics/graphics.sty
(c:/texlive/2026/texmf-dist/tex/latex/graphics/trig.sty)
(c:/texlive/2026/texmf-dist/tex/latex/graphics-cfg/graphics.cfg)
(c:/texlive/2026/texmf-dist/tex/latex/graphics-def/pdftex.def)))
(c:/texlive/2026/texmf-dist/tex/latex/amsmath/amsmath.sty
For additional information on amsmath, use the `?' option.
(c:/texlive/2026/texmf-dist/tex/latex/amsmath/amstext.sty
(c:/texlive/2026/texmf-dist/tex/latex/amsmath/amsgen.sty))
(c:/texlive/2026/texmf-dist/tex/latex/amsmath/amsbsy.sty)
(c:/texlive/2026/texmf-dist/tex/latex/amsmath/amsopn.sty))
(c:/texlive/2026/texmf-dist/tex/latex/amsfonts/amsfonts.sty)
(c:/texlive/2026/texmf-dist/tex/latex/amsfonts/amssymb.sty)
(c:/texlive/2026/texmf-dist/tex/latex/l3kernel/expl3.sty
(c:/texlive/2026/texmf-dist/tex/latex/l3backend/l3backend-pdftex.def))
(c:/texlive/2026/texmf-dist/tex/latex/l3packages/xparse/xparse.sty)
(c:/texlive/2026/texmf-dist/tex/latex/etoolbox/etoolbox.sty)
(c:/texlive/2026/texmf-dist/tex/latex/booktabs/booktabs.sty)
(c:/texlive/2026/texmf-dist/tex/latex/makecell/makecell.sty
(c:/texlive/2026/texmf-dist/tex/latex/tools/array.sty))
(c:/texlive/2026/texmf-dist/tex/latex/multirow/multirow.sty)
(c:/texlive/2026/texmf-dist/tex/latex/colortbl/colortbl.sty
(c:/texlive/2026/texmf-dist/tex/latex/graphics/color.sty
(c:/texlive/2026/texmf-dist/tex/latex/graphics-cfg/color.cfg)
(c:/texlive/2026/texmf-dist/tex/latex/graphics/mathcolor.ltx)))
(c:/texlive/2026/texmf-dist/tex/latex/tools/dcolumn.sty)
(c:/texlive/2026/texmf-dist/tex/latex/sttools/stfloats.sty)
(c:/texlive/2026/texmf-dist/tex/latex/tools/xspace.sty)
(c:/texlive/2026/texmf-dist/tex/generic/xstring/xstring.sty
(c:/texlive/2026/texmf-dist/tex/generic/xstring/xstring.tex))
(c:/texlive/2026/texmf-dist/tex/latex/footmisc/footmisc.sty)
(c:/texlive/2026/texmf-dist/tex/latex/xcolor/xcolor.sty
(c:/texlive/2026/texmf-dist/tex/latex/graphics-cfg/color.cfg)
(c:/texlive/2026/texmf-dist/tex/latex/graphics/mathcolor.ltx))
(c:/texlive/2026/texmf-dist/tex/latex/xcolor/svgnam.def)
(c:/texlive/2026/texmf-dist/tex/latex/graphics/dvipsnam.def)
(c:/texlive/2026/texmf-dist/tex/latex/hyperref/hyperref.sty
(c:/texlive/2026/texmf-dist/tex/generic/iftex/iftex.sty)
(c:/texlive/2026/texmf-dist/tex/latex/kvsetkeys/kvsetkeys.sty)
(c:/texlive/2026/texmf-dist/tex/generic/kvdefinekeys/kvdefinekeys.sty)
(c:/texlive/2026/texmf-dist/tex/generic/pdfescape/pdfescape.sty
(c:/texlive/2026/texmf-dist/tex/generic/ltxcmds/ltxcmds.sty)
(c:/texlive/2026/texmf-dist/tex/generic/pdftexcmds/pdftexcmds.sty
(c:/texlive/2026/texmf-dist/tex/generic/infwarerr/infwarerr.sty)))
(c:/texlive/2026/texmf-dist/tex/latex/hycolor/hycolor.sty)
(c:/texlive/2026/texmf-dist/tex/latex/hyperref/nameref.sty
(c:/texlive/2026/texmf-dist/tex/latex/refcount/refcount.sty)
(c:/texlive/2026/texmf-dist/tex/generic/gettitlestring/gettitlestring.sty
(c:/texlive/2026/texmf-dist/tex/latex/kvoptions/kvoptions.sty)))
(c:/texlive/2026/texmf-dist/tex/generic/stringenc/stringenc.sty)
(c:/texlive/2026/texmf-dist/tex/latex/hyperref/pd1enc.def)
(c:/texlive/2026/texmf-dist/tex/generic/intcalc/intcalc.sty)
(c:/texlive/2026/texmf-dist/tex/latex/hyperref/puenc.def)
(c:/texlive/2026/texmf-dist/tex/latex/url/url.sty)
(c:/texlive/2026/texmf-dist/tex/generic/bitset/bitset.sty
(c:/texlive/2026/texmf-dist/tex/generic/bigintcalc/bigintcalc.sty)))
(c:/texlive/2026/texmf-dist/tex/latex/hyperref/hpdftex.def
(c:/texlive/2026/texmf-dist/tex/latex/rerunfilecheck/rerunfilecheck.sty
(c:/texlive/2026/texmf-dist/tex/generic/uniquecounter/uniquecounter.sty)))
(./cas-common.sty (c:/texlive/2026/texmf-dist/tex/latex/moreverb/moreverb.sty
(c:/texlive/2026/texmf-dist/tex/latex/tools/verbatim.sty))
(c:/texlive/2026/texmf-dist/tex/latex/wrapfig/wrapfig.sty))
(c:/texlive/2026/texmf-dist/tex/latex/base/fontenc.sty)
(c:/texlive/2026/texmf-dist/tex/latex/stix/stix.sty
(c:/texlive/2026/texmf-dist/tex/latex/base/textcomp.sty))
(c:/texlive/2026/texmf-dist/tex/latex/geometry/geometry.sty
(c:/texlive/2026/texmf-dist/tex/generic/iftex/ifvtex.sty)))
(c:/texlive/2026/texmf-dist/tex/latex/natbib/natbib.sty)
(c:/texlive/2026/texmf-dist/tex/latex/tools/bm.sty)
(c:/texlive/2026/texmf-dist/tex/latex/mathtools/mathtools.sty
(c:/texlive/2026/texmf-dist/tex/latex/tools/calc.sty)
(c:/texlive/2026/texmf-dist/tex/latex/mathtools/mhsetup.sty))
(c:/texlive/2026/texmf-dist/tex/latex/algorithms/algorithm.sty
(c:/texlive/2026/texmf-dist/tex/latex/float/float.sty)
(c:/texlive/2026/texmf-dist/tex/latex/base/ifthen.sty))
(c:/texlive/2026/texmf-dist/tex/latex/algorithmicx/algpseudocode.sty
(c:/texlive/2026/texmf-dist/tex/latex/algorithmicx/algorithmicx.sty
Document Style algorithmicx 1.2 - a greatly improved `algorithmic' style
)
Document Style - pseudocode environments for use with the `algorithmicx' style
) (c:/texlive/2026/texmf-dist/tex/latex/tools/tabularx.sty)
(c:/texlive/2026/texmf-dist/tex/latex/xltabular/xltabular.sty
(c:/texlive/2026/texmf-dist/tex/latex/ltablex/ltablex.sty
(c:/texlive/2026/texmf-dist/tex/latex/tools/longtable.sty)))
(c:/texlive/2026/texmf-dist/tex/latex/psnfss/pifont.sty
(c:/texlive/2026/texmf-dist/tex/latex/psnfss/upzd.fd)
(c:/texlive/2026/texmf-dist/tex/latex/psnfss/upsy.fd))
(c:/texlive/2026/texmf-dist/tex/latex/bbm-macros/bbm.sty)
(c:/texlive/2026/texmf-dist/tex/latex/enumitem/enumitem.sty)
(c:/texlive/2026/texmf-dist/tex/latex/stix/t1stix.fd) (./paper.aux)
(c:/texlive/2026/texmf-dist/tex/latex/stix/ls1stix.fd)
(c:/texlive/2026/texmf-dist/tex/latex/stix/ls2stix.fd)
(c:/texlive/2026/texmf-dist/tex/context/base/mkii/supp-pdf.mkii
[Loading MPS to PDF converter (version 2006.09.02).]
) (c:/texlive/2026/texmf-dist/tex/latex/epstopdf-pkg/epstopdf-base.sty
(c:/texlive/2026/texmf-dist/tex/latex/latexconfig/epstopdf-sys.cfg))
(./paper.out) (./paper.out)
*geometry* driver: auto-detecting
*geometry* detected driver: pdftex
(c:/texlive/2026/texmf-dist/tex/latex/stix/ts1stix.fd)
(c:/texlive/2026/texmf-dist/tex/latex/stix/ls1stixscr.fd)
(c:/texlive/2026/texmf-dist/tex/latex/stix/ls2stixex.fd)
(c:/texlive/2026/texmf-dist/tex/latex/amsfonts/umsa.fd)
(c:/texlive/2026/texmf-dist/tex/latex/amsfonts/umsb.fd)
(c:/texlive/2026/texmf-dist/tex/latex/stix/ls1stixfrak.fd)
(c:/texlive/2026/texmf-dist/tex/latex/stix/ls1stixbb.fd)
(c:/texlive/2026/texmf-dist/tex/latex/stix/ls2stixcal.fd)
(c:/texlive/2026/texmf-dist/tex/latex/stix/ls1stixsf.fd)
(c:/texlive/2026/texmf-dist/tex/latex/stix/ls2stixtt.fd) [0{c:/texlive/2026/tex
mf-var/fonts/map/pdftex/updmap/pdftex.map}{c:/texlive/2026/texmf-dist/fonts/enc
/dvips/stix/stix-t1.enc}{c:/texlive/2026/texmf-dist/fonts/enc/dvips/stix/stix-t
s1.enc}]
Overfull \hbox (117.0831pt too wide) detected at line 85
[]
(./paper.abs)

Package hyperref Warning: Ignoring empty anchor on input line 85.


Package hyperref Warning: Ignoring empty anchor on input line 85.

[1{c:/texlive/2026/texmf-dist/fonts/enc/dvips/cm-super/cm-super-t1.enc} <c:/tex
live/2026/texmf-dist/tex/latex/els-cas-templates/thumbnails/cas-email.jpeg>]
Underfull \hbox (badness 1210) in paragraph at lines 267--267
[]|\T1/stix/m/n/9 Fréchet dis-tance be-tween In-

Underfull \hbox (badness 1112) in paragraph at lines 267--267
[]|\T1/stix/m/n/9 Unbiased kernel-based dis-tri-

Underfull \hbox (badness 2111) in paragraph at lines 267--267
[]|\T1/stix/m/n/9 Structural sim-i-lar-ity com-bin-

Underfull \hbox (badness 2111) in paragraph at lines 267--267
\T1/stix/m/n/9 ing lu-mi-nance, con-trast, and

Underfull \hbox (badness 1406) in paragraph at lines 267--267
\T1/stix/m/n/9 for per-cep-tual con-sis-tency at

Underfull \hbox (badness 10000) in paragraph at lines 267--267
[]|\T1/stix/m/n/9 Learned per-cep-tual im-age

Underfull \hbox (badness 6708) in paragraph at lines 267--267
\T1/stix/m/n/9 patch sim-i-lar-ity us-ing deep

Underfull \hbox (badness 10000) in paragraph at lines 267--267
[]|\T1/stix/m/n/9 Inception Score; mea-sures

Underfull \hbox (badness 4266) in paragraph at lines 267--267
[]|\T1/stix/m/n/9 Evaluates whether gen-er-ated

Underfull \hbox (badness 10000) in paragraph at lines 267--267
[]|\T1/stix/m/n/9 Unbiased multi-bandwidth

Underfull \hbox (badness 10000) in paragraph at lines 267--267
\T1/stix/m/n/9 RBF MMD$[]$ be-tween

Underfull \hbox (badness 10000) in paragraph at lines 267--267
\T1/stix/m/n/9 RadioDINO-s16 final-layer

Underfull \hbox (badness 7963) in paragraph at lines 267--267
\T1/stix/m/n/9 (L12) fea-tures of real and

Underfull \hbox (badness 10000) in paragraph at lines 267--267
\T1/stix/m/n/9 gen-er-ated im-ages, with a

Underfull \hbox (badness 1173) in paragraph at lines 267--267
[]|\T1/stix/m/n/9 Fraction of real im-ages hav-
[2] [3] [4] [5] [6] [7] [8
pdfTeX warning (ext4): destination with the same identifier (name{figure.1}) ha
s been already used, duplicate ignored
<argument> ...shipout:D \box_use:N \l_shipout_box 
                                                  \__shipout_drop_firstpage_...
l.608 
       <./Images/M3Score-Calculation.pdf>]
Underfull \hbox (badness 2753) in paragraph at lines 624--627
[]\T1/stix/m/n/10 Real set $\LS2/stixcal/m/n/10 X[]$ \T1/stix/m/n/10 (drawn acr
oss sub-jects, Ÿ[][]3.2[][]), gen-er-ated set $\LS2/stixcal/m/n/10 X[]$\T1/stix
/m/n/10 , frozen en-coder $\LS1/stix/m/n/10 ^^H$\T1/stix/m/n/10 , a-priori dept
hs
[9] [10] [11] [12] [13] [14] [15] [16
pdfTeX warning (ext4): destination with the same identifier (name{table.2}) has
 been already used, duplicate ignored
<argument> ...shipout:D \box_use:N \l_shipout_box 
                                                  \__shipout_drop_firstpage_...
l.1402 
       ] [17
pdfTeX warning (ext4): destination with the same identifier (name{figure.2}) ha
s been already used, duplicate ignored
<argument> ...shipout:D \box_use:N \l_shipout_box 
                                                  \__shipout_drop_firstpage_...
l.1447 
       
pdfTeX warning (ext4): destination with the same identifier (name{figure.3}) ha
s been already used, duplicate ignored
<argument> ...shipout:D \box_use:N \l_shipout_box 
                                                  \__shipout_drop_firstpage_...
l.1447 
        <./Images/three_axis_severity.pdf> <./Images/samples/real_vs_generated.
png>] [18
pdfTeX warning (ext4): destination with the same identifier (name{table.3}) has
 been already used, duplicate ignored
<argument> ...shipout:D \box_use:N \l_shipout_box 
                                                  \__shipout_drop_firstpage_...
l.1575 
       ] [19
pdfTeX warning (ext4): destination with the same identifier (name{figure.4}) ha
s been already used, duplicate ignored
<argument> ...shipout:D \box_use:N \l_shipout_box 
                                                  \__shipout_drop_firstpage_...
l.1611 T
        hey differ on the tier that matters. Separating real brain MRI from
pdfTeX warning (ext4): destination with the same identifier (name{table.4}) has
 been already used, duplicate ignored
<argument> ...shipout:D \box_use:N \l_shipout_box 
                                                  \__shipout_drop_firstpage_...
l.1611 T
        hey differ on the tier that matters. Separating real brain MRI from <./
Images/noise_robustness/noise_robustness.png>] [20
pdfTeX warning (ext4): destination with the same identifier (name{figure.5}) ha
s been already used, duplicate ignored
<argument> ...shipout:D \box_use:N \l_shipout_box 
                                                  \__shipout_drop_firstpage_...
l.1627 \paragraph
                 {An observed CMMD rank inversion on medical OOD ordering}
pdfTeX warning (ext4): destination with the same identifier (name{table.5}) has
 been already used, duplicate ignored
<argument> ...shipout:D \box_use:N \l_shipout_box 
                                                  \__shipout_drop_firstpage_...
l.1627 \paragraph
                 {An observed CMMD rank inversion on medical OOD ordering} <./I
mages/noise_robustness/blur_robustness.png>] [21
pdfTeX warning (ext4): destination with the same identifier (name{figure.6}) ha
s been already used, duplicate ignored
<argument> ...shipout:D \box_use:N \l_shipout_box 
                                                  \__shipout_drop_firstpage_...
l.1710 
        <./Images/samples/cross_modality_tiers.png>] [22
pdfTeX warning (ext4): destination with the same identifier (name{table.6}) has
 been already used, duplicate ignored
<argument> ...shipout:D \box_use:N \l_shipout_box 
                                                  \__shipout_drop_firstpage_...
l.1780 \end{table}
                  
pdfTeX warning (ext4): destination with the same identifier (name{figure.7}) ha
s been already used, duplicate ignored
<argument> ...shipout:D \box_use:N \l_shipout_box 
                                                  \__shipout_drop_firstpage_...
l.1780 \end{table}
                   <./Images/OOD/ood_backbone_auc.pdf>] [23
pdfTeX warning (ext4): destination with the same identifier (name{table.7}) has
 been already used, duplicate ignored
<argument> ...shipout:D \box_use:N \l_shipout_box 
                                                  \__shipout_drop_firstpage_...
l.1904 \paragraph
                 {Memorization}] [24
pdfTeX warning (ext4): destination with the same identifier (name{table.8}) has
 been already used, duplicate ignored
<argument> ...shipout:D \box_use:N \l_shipout_box 
                                                  \__shipout_drop_firstpage_...
l.1923 
       
pdfTeX warning (ext4): destination with the same identifier (name{figure.8}) ha
s been already used, duplicate ignored
<argument> ...shipout:D \box_use:N \l_shipout_box 
                                                  \__shipout_drop_firstpage_...
l.1923 
        <./Images/coverage_axis_validation.pdf>]

LaTeX Font Warning: Font shape `T1/cmss/m/sc' in size <9> not available
(Font)              Font shape `T1/cmr/m/sc' tried instead on input line 1983.

[25
pdfTeX warning (ext4): destination with the same identifier (name{figure.9}) ha
s been already used, duplicate ignored
<argument> ...shipout:D \box_use:N \l_shipout_box 
                                                  \__shipout_drop_firstpage_...
l.1999 
        <./Images/lesion_specificity/lesion_example.png>] [26
pdfTeX warning (ext4): destination with the same identifier (name{table.9}) has
 been already used, duplicate ignored
<argument> ...shipout:D \box_use:N \l_shipout_box 
                                                  \__shipout_drop_firstpage_...
l.2130 E
        ach real draw resamples \emph{subjects} and then slices from them, s...
] [27
pdfTeX warning (ext4): destination with the same identifier (name{figure.10}) h
as been already used, duplicate ignored
<argument> ...shipout:D \box_use:N \l_shipout_box 
                                                  \__shipout_drop_firstpage_...
l.2144 \paragraph
                 {Comparability: FID's value is not portable across $N$, M3'...

pdfTeX warning (ext4): destination with the same identifier (name{table.10}) ha
s been already used, duplicate ignored
<argument> ...shipout:D \box_use:N \l_shipout_box 
                                                  \__shipout_drop_firstpage_...
l.2144 \paragraph
                 {Comparability: FID's value is not portable across $N$, M3'...
 <./Images/lesion_specificity/lgg_noise_sweep.png>] [28
pdfTeX warning (ext4): destination with the same identifier (name{table.11}) ha
s been already used, duplicate ignored
<argument> ...shipout:D \box_use:N \l_shipout_box 
                                                  \__shipout_drop_firstpage_...
l.2274 
       ] [29
pdfTeX warning (ext4): destination with the same identifier (name{table.12}) ha
s been already used, duplicate ignored
<argument> ...shipout:D \box_use:N \l_shipout_box 
                                                  \__shipout_drop_firstpage_...
l.2351 
       ] [30] [31] [32] (./paper.bbl [33] [34]) [35] (./paper.aux) )
(see the transcript file for additional information)<c:/texlive/2026/texmf-dist
/fonts/type1/public/stix/STIXGeneral-Bold.pfb><c:/texlive/2026/texmf-dist/fonts
/type1/public/stix/STIXGeneral-BoldItalic.pfb><c:/texlive/2026/texmf-dist/fonts
/type1/public/stix/STIXGeneral-Italic.pfb><c:/texlive/2026/texmf-dist/fonts/typ
e1/public/stix/STIXGeneral-Regular.pfb><c:/texlive/2026/texmf-dist/fonts/type1/
public/amsfonts/cm/cmmi5.pfb><c:/texlive/2026/texmf-dist/fonts/type1/public/ams
fonts/cm/cmmi7.pfb><c:/texlive/2026/texmf-dist/fonts/type1/public/amsfonts/cm/c
mmi9.pfb><c:/texlive/2026/texmf-dist/fonts/type1/public/amsfonts/cm/cmr5.pfb><c
:/texlive/2026/texmf-dist/fonts/type1/public/amsfonts/cm/cmr7.pfb><c:/texlive/2
026/texmf-dist/fonts/type1/public/amsfonts/cm/cmss8.pfb><c:/texlive/2026/texmf-
dist/fonts/type1/public/amsfonts/cm/cmssbx10.pfb><c:/texlive/2026/texmf-dist/fo
nts/type1/public/amsfonts/cm/cmssi8.pfb><c:/texlive/2026/texmf-dist/fonts/type1
/public/amsfonts/cm/cmsy5.pfb><c:/texlive/2026/texmf-dist/fonts/type1/public/am
sfonts/cm/cmsy7.pfb><c:/texlive/2026/texmf-dist/fonts/type1/public/amsfonts/sym
bols/msbm7.pfb><c:/texlive/2026/texmf-dist/fonts/type1/public/cm-super/sfcc0900
.pfb><c:/texlive/2026/texmf-dist/fonts/type1/public/cm-super/sfit1000.pfb><c:/t
exlive/2026/texmf-dist/fonts/type1/public/cm-super/sfit1095.pfb><c:/texlive/202
6/texmf-dist/fonts/type1/public/cm-super/sfsi0900.pfb><c:/texlive/2026/texmf-di
st/fonts/type1/public/cm-super/sfss0800.pfb><c:/texlive/2026/texmf-dist/fonts/t
ype1/public/cm-super/sfss0900.pfb><c:/texlive/2026/texmf-dist/fonts/type1/publi
c/cm-super/sfsx0900.pfb><c:/texlive/2026/texmf-dist/fonts/type1/public/cm-super
/sftt0800.pfb><c:/texlive/2026/texmf-dist/fonts/type1/public/cm-super/sftt1000.
pfb><c:/texlive/2026/texmf-dist/fonts/type1/public/stix/stix-mathbb.pfb><c:/tex
live/2026/texmf-dist/fonts/type1/public/stix/stix-mathcal.pfb><c:/texlive/2026/
texmf-dist/fonts/type1/public/stix/stix-mathex.pfb><c:/texlive/2026/texmf-dist/
fonts/type1/public/stix/stix-mathit.pfb><c:/texlive/2026/texmf-dist/fonts/type1
/public/stix/stix-mathrm-bold.pfb><c:/texlive/2026/texmf-dist/fonts/type1/publi
c/stix/stix-mathrm.pfb><c:/texlive/2026/texmf-dist/fonts/type1/public/stix/stix
-mathscr.pfb><c:/texlive/2026/texmf-dist/fonts/type1/public/stix/stix-mathsf.pf
b><c:/texlive/2026/texmf-dist/fonts/type1/urw/zapfding/uzdr.pfb>
Output written on paper.pdf (36 pages, 2893271 bytes).
Transcript written on paper.log.
Latexmk: Getting log file 'paper.log'
Latexmk: Examining 'paper.fls'
Latexmk: Examining 'paper.log'
Latexmk: Found input bbl file 'paper.bbl'
Latexmk: Log file says output to 'paper.pdf'
Latexmk: Using bibtex to make bibliography file(s).
  ===Source file 'paper.bbl' for 'pdflatex'
Latexmk: Found bibliography file(s):
  ./refs.bib
Latexmk: All targets (paper.pdf) are up-to-date

Reverting Windows console CPs to (in,out) = (437,437)
